Starting Multi-Tenant Forwarding Engine...
Booting Engine for Tenant 5628105961...
[Tenant 5628105961] Fetching dialogs to populate entity cache...
✅ Engine ONLINE for Tenant 5628105961
Booting Engine for Tenant 7531221514...
[Tenant 7531221514] Fetching dialogs to populate entity cache...
✅ Engine ONLINE for Tenant 7531221514
Booting Engine for Tenant 8094046191...
[Tenant 8094046191] Fetching dialogs to populate entity cache...
✅ Engine ONLINE for Tenant 8094046191
Starting Multi-Tenant Forwarding Engine...
Booting Engine for Tenant 5628105961...
[Tenant 5628105961] Fetching dialogs to populate entity cache...
✅ Engine ONLINE for Tenant 5628105961
Booting Engine for Tenant 7531221514...
[Tenant 7531221514] Fetching dialogs to populate entity cache...
✅ Engine ONLINE for Tenant 7531221514
Booting Engine for Tenant 8094046191...
[Tenant 8094046191] Fetching dialogs to populate entity cache...
✅ Engine ONLINE for Tenant 8094046191
[DEBUG-ALL-MESSAGES] Tenant 8094046191 received message from -1002202603619
[DEBUG-MATCH] incoming=-1002202603619 (2202603619) vs saved=-1003164655537 (3164655537)
[DEBUG-ALL-MESSAGES] Tenant 5628105961 received message from -1003518650835
[DEBUG-MATCH] incoming=-1003518650835 (3518650835) vs saved=-1002499610869 (2499610869)
