Claiming is officially activeeeeee 🔥🔥🔥🔥🔥🔥🔥🔥🔥🔥🔥🔥🔥🔥🔥🔥🔥🔥🔥🔥🔥🔥🔥🔥🔥🔥🔥🔥🔥🔥🔥
💳 Make your payment of ₦3,020 only to the account details below:

🏦 Bank: KUDA
👤 Account Name: Daniel Uzokpa

📩 After making payment, send your receipt immediately:
https://web.me                     example